// Jest Snapshot v1, https://goo.gl/fbAQLP

exports[`Map button renders correctly 1`] = `
<View
  accessible={true}
  collapsable={false}
  focusable={true}
  onClick={[Function]}
  onResponderGrant={[Function]}
  onResponderMove={[Function]}
  onResponderRelease={[Function]}
  onResponderTerminate={[Function]}
  onResponderTerminationRequest={[Function]}
  onStartShouldSetResponder={[Function]}
  style={
    Object {
      "alignItems": "center",
      "backgroundColor": "#ffffff",
      "borderRadius": 22.5,
      "height": 45,
      "justifyContent": "center",
      "opacity": 1,
      "width": 45,
    }
  }
  testID="MAP_BUTTON_TOUCHABLE"
>
  <Text
    allowFontScaling={false}
    selectable={false}
    style={
      Array [
        Object {
          "color": "#000000",
          "fontSize": 25,
        },
        undefined,
        Object {
          "fontFamily": "Material Design Icons",
          "fontStyle": "normal",
          "fontWeight": "normal",
        },
        Object {},
      ]
    }
  >
    ?
  </Text>
</View>
`;
